<?xml version="1.0" encoding="utf-8"?><testsuites name="pytest tests"><testsuite name="pytest" errors="0" failures="0" skipped="0" tests="1" time="48.991" timestamp="2025-11-26T01:03:58.954325-05:00" hostname="DESKTOP-5EH2P39"><testcase classname="tests.api.test_api_dataset" name="test_api_recall_on_subset" time="23.405" /></testsuite></testsuites>